EnableMediaRouter
FeatureFlagOverridesControl
GamerModeEnabled
BasicAuthOverHttpEnabled
AllowCrossOriginAuthPrompt
LinkedAccountEnabled
GuidedSwitchEnabled
PasswordManagerEnabled
StartupBoostEnabled
InsecurePrivateNetworkRequestsAllowed
SmartScreenDnsRequestsEnabled
NewTabPageBingChatEnabled
MediaRouterCastAllowAllIPs
ImportOnEachLaunch
ImportAutofillFormData
ImportBrowserSettings
ImportPaymentInfo
ImportHomepage
ImportSavedPasswords
ImportSearchEngine
EnterpriseHardwarePlatformAPIEnabled
PersonalizationReportingEnabled
RemoteDebuggingAllowed
UserFeedbackAllowed
PaymentMethodQueryEnabled
InternetExplorerIntegrationZoneIdentifierMhtFileAllowed
ClearBrowsingDataOnExit
ClearCachedImagesAndFilesOnExit
InternetExplorerModeClearDataOnExitEnabled
RelatedMatchesCloudServiceEnabled
InternetExplorerIntegrationComplexNavDataTypes
BackgroundModeEnabled
ExperimentationAndConfigurationServiceControl
SavingBrowserHistoryDisabled
DeleteDataOnMigration
EdgeWalletEtreeEnabled
AutofillAddressEnabled
AutofillCreditCardEnabled
CryptoWalletEnabled
AllowDeletingBrowserHistory
DiscoverPageContextEnabled
EdgeFollowEnabled
GloballyScopeHTTPAuthCacheEnabled
BrowserAddProfileEnabled
ResolveNavigationErrorsUseWebService
TabServicesEnabled
WebWidgetAllowed
UploadFromPhoneEnabled
ForceEphemeralProfiles
AIGenThemesEnabled
InAppSupportEnabled
EdgeShoppingAssistantEnabled
ShowMicrosoftRewards
InternetExplorerModeToolbarButtonEnabled
SharedArrayBufferUnrestrictedAccessAllowed
StandaloneHubsSidebarEnabled
AlternateErrorPagesEnabled
SuppressUnsupportedOSWarning
InternetExplorerIntegrationAlwaysWaitForUnload
WalletDonationEnabled