*.beinsync.net
*.beinsync.com
*.beanywhere.en.uptodown.com/windows
*.beanywhere.com
*.beamyourscreen.com
*.basecamp.com
*.islonline.net
*.rmm.barracudamsp.com
*.barracudamsp.com
*.baramundi.com
*.aweray.net
*.aweray.com
*.my.auvik.com
*.auvik.com
*.atera.com
*.pubnub.com
*.getalphacontrol.com
*.packagesstore.blob.core.windows.net
*.pndsn.com
*.thawte.com
*.anyviewer.com	443
*.aomeisoftware.com
*.anyplace-control.com
*.anysupport.net
*.ammyy.com
*.alpemix.com
*.teknopars.com
*.aeroadmin.com
*.adobeconnect.com
*.addigy.com
*.action1.com
*.acronis.com
*.remotix.com
*.namequery.com
*.absolute.com
*.247ithelp.com
*.islonline.net
*.barracudamsp.com
*.basecamp.com
*.beamyourscreen.com
*.beanywhere.com
*.beinsync.net
*.beinsync.com
*.beyondtrustcloud.com
*.bomgarcloud.com
*.bomgarcloud.com
*.bluetrait.io
*.datto.com
*.centrastage.net
*.centuriontech.com
*.remotedesktop.google.com
cloudflare.com/products/tunnel/
*.comodo.com
*.hostedrmm.com
*.screenconnect.com
*.crossloop.com
*.crossloop.en.softonic.com
*.dameware.com
*.deskday.ai
*.desknets.com
*.deskshre.com
*.nchuser.com
*.devolutions.net
*.distantdesktop.com
*.signalserver.xyz
*.domotz.co
*.domotz.com
*.dwservice.net
*.ehorus.com
*.electric.ai
*.emcosoftware.com
*.encapto.com
*.ericom.com
*.eset.com/me/business/remote-management/remote-administrator/
*.ezhelp.co.kr
*.fastviewer.com
*.fortra.com
*.gatherplace.com
*.gatherplace.net
*.getscreen.me
*.gorelo.io
*.gorelo.tech
*.getgo.com
*.gotoassist.me
*.gotoassist.at
*.desktopstreaming.com
*.gotohttp.com
*.GoToMyPC.com
*.goverlan.com
*.guacamole.apache.org
*.helpbeam.software.informer.com
*.helpu.co.kr
*.hoptodesk.com
*.01com.com
*.imperosoftware.com
*.instanthousecall.com
*.instanthousecall.net
*.intelliadmin.com
*.iperiusremote.com
*.iperius.com
*.iperius-rs.com
*.islonline.com
*.islonline.net
*.itarian.com
*.itsupport247.net
*.ivanticloud.com
*.jumpcloud.com
*.jumpdesktop.com
*.jumpto.me
*.kabuto.io
*.kaseya.net
*.kaseya.com
*.khelpdesk.com.br
*.kickidler.com
*.connectwise.com
*.ivanticloud.com
*.ivanti.com
*.everywhere.laplink.com
*.laplink.com
*.level.io
*.downloads.io
*.litemanager.ru
*.litemanager.com
*.logmein-gateway.com
*.logmein.com
*.logmein.eu
*.logmeinrescue.com
*.logmeininc.com
*.logmeinrescue.com
*.logmeinrescue.eu
*.dms.zoho.com
*.dms.zoho.com.eu
*.-dms.zoho.com.cn
*.desktopcentral.manageengine.com
*.desktopcentral.manageengine.com.eu
*.desktopcentral.manageengine.cn
*.mega.io
*.meshcentral.com
*.real-time-collaboration.com
*.mikogo4.com
*.mikogo.commikogo.com	
*.mremoteng.org
*.cloudberrylab.com
*.msp360.com
*.mspbackups.com
*.mygreenpc.com
*.systemmonitor.co.uk
*.logicnow.com
*.swi-tc.com
*.logicnow.com
*.n-able.com
*.systemmonitor.us
*.naverisk.com
*.netlockrmm.com
*.connect.backdrop.cloud
*.netop.com
*.netreo.net
*.netreo.com
*.netsupportmanager.com
*.neturo.uplus.co.kr
*.ngrok-agent.com
*.ngrok.com
*.ninjarmm.com
*.ninjarmm.net
*.ninjarmm.net
*.rmmservice.com.au
*.rmmservice.ca
*.ninja-backup.com
*.nomachine.com	
*.ntrsupport.com
*.ocsinventory-ng.org
*.optitune.us
*.opti-tune.com
*.portal.ehorus.com
*.panorama9.com
*.parallels.com
*.parsec.gg
*.parsec.app
*.pcvisit.de
*.pdq.com
*.pilixo.com
*.soti.net
*.pulseway.com
*.mdt.qq.com
*.desktop.qq.com
*.upload_data.qq.com
*.kace.com
*.quest.com/kace/
*.support.services.microsoft.com
*.radmin.com
*.analytics.insight.rapid7.com
*.endpoint.ingress.rapid7.com
*.remobo.en.softonic.com
*.donkz.nl
*.internetid.ru
*.rmansys.ru
*.remotecall.com
*.startsupport.com
*.remotepass.com
*.remotedesktop.com
*.remotepc.com
*.remoteutilities.com
*.content.rview.com
*.rview.com
*.ivanti.com
*.royalapps.com
*.rport.io
*.rudesktop.ru
*.runsmart.io
*.rustdesk.com
*.connectwise.com
*.screenconnect.com
*.screenmeet.com
*.scrn.mt
*.seetrol.co.kr
*.senso.cloud
*.server-eye.de
*.showmypc.com
*.simple-help.com
*.site24x7.com
*.site24x7.eu
*.site24x7.in
*.site24x7.cn
*.site24x7.net.au
*.skyfex.com
*.deskroll.com
*.deskroll.com
*.sorillus.com
*.splashtop.com
*.splashtop.eu
*.spytech-web.com
*.sunlogin.oray.com
*.client.oray.net
*.superops.ai
*.superopsalpha.com
*.superopsbeta.com
*.superops.ai
*.supremocontrol.com
*.kabuto.io
*.syncromsp.com
*.syncroapi.com
*.servably.com
*.aurelius.host
*.kabutoservices.com
*.repairshopr.com
*.syspectr.com
*.tailscale.com
*.tacticalrmm.com
*.tailscale.io
*.cloud.tanium.com
*.teamviewer.com
*.tele-desk.com	
*.tightvnc.com	
*.todesk.com
*.todesktop.com
*.ultraviewer.net
*.ultravnc.com
*.veyon.io
*.devtunnels.ms
*.rel.tunnels.api.visualstudio.com
*.realvnc.com
*.weezo.me
*.weezo.net
*.xeox.com
*.zerotier.com
*.zoho.com.au
*.zohoassist.jp
*.zoho.in
*.zohoassist.com
*.zohoassist.com.cn
*.zoho.com.cn
*.zoho.com
*.zoho.eu
*.zohodl.com.cn